// 同步 ID: ec301d91 @ Sun Jul 12 16:02:39 UTC 2026
// 同步 ID: 5a8799ba @ Tue Jul 14 12:05:54 UTC 2026
// 重构日志: 3affebb4
// 同步 ID: bd5b2768 @ Wed Jul 15 13:42:40 UTC 2026
// 重构日志: aa499703
// 重构日志: 062148c2
// 重构日志: f3ad23ea
// 重构日志: a892fb97
// 重构日志: 4b0ce0aa
// 重构日志: 91a2da8f
// 同步 ID: 469ca967 @ Sat Jul 18 11:37:50 UTC 2026
// 同步 ID: 744fb25c @ Sat Jul 18 15:07:11 UTC 2026
// 重构日志: 0fc6a405
// 重构日志: 711fdd34
// 重构日志: ad55d02b
// 重构日志: 708b04d2
// 重构日志: d22156f2
// 重构日志: 8b90ee92
// 重构日志: b6043cd1
// 重构日志: 2ed5f83f
// 同步 ID: 2a40d183 @ Sat Jul 25 12:34:43 UTC 2026
// 同步 ID: dddb4c09 @ Sun Jul 26 09:18:20 UTC 2026
// 重构日志: b32e3e4e
// 重构日志: cfc6aad5
// 重构日志: 7b340811
// 重构日志: 4755c4ac
// 重构日志: e8ec9d24
// 重构日志: 1c8f77b5
// 同步 ID: 3b6e95ff @ Sat Aug  1 07:16:01 UTC 2026
// 同步 ID: 310e9987 @ Sat Aug  1 11:53:25 UTC 2026
